
> frontend@0.1.0 build
> next build

   Γû▓ Next.js 15.1.0

   Creating an optimized production build ...
 Γ£ô Compiled successfully
   Linting and checking validity of types ...

./app/subjects/oopj/experiments/experiment-1/editor.tsx
22:52  Warning: Unexpected any. Specify a different type.  @typescript-eslint/no-explicit-any
47:18  Warning: 'err' is defined but never used.  @typescript-eslint/no-unused-vars
77:18  Warning: 'err' is defined but never used.  @typescript-eslint/no-unused-vars
141:60  Warning: Unexpected any. Specify a different type.  @typescript-eslint/no-explicit-any

./app/subjects/oopj/experiments/experiment-1/page.tsx
7:10  Warning: 'Button' is defined but never used.  @typescript-eslint/no-unused-vars

./app/subjects/oopj/experiments/experiment-1/problem.tsx
7:54  Warning: `"` can be escaped with `&quot;`, `&ldquo;`, `&#34;`, `&rdquo;`.  react/no-unescaped-entities
7:71  Warning: `"` can be escaped with `&quot;`, `&ldquo;`, `&#34;`, `&rdquo;`.  react/no-unescaped-entities

info  - Need to disable some ESLint rules? Learn more here: https://nextjs.org/docs/app/api-reference/config/eslint#disabling-rules
   Collecting page data ...
   Generating static pages (0/10) ...
node.exe : TypeError: 
Cannot read properties of 
null (reading 
'useContext')
At line:1 char:1
+ & "C:\Program 
Files\nodejs/node.exe" 
"C:\Program 
Files\nodejs/node_mo ...
+ ~~~~~~~~~~~~~~~~~~~~~~~~
~~~~~~~~~~~~~~~~~~~~~~~~~~
~~~~~~~~~~~~~~~~~~~
    + CategoryInfo        
      : NotSpecified: (T  
  ypeError: Cann...g 'u   
 seContext'):String) [    
], RemoteException
    + FullyQualifiedError 
   Id : NativeCommandErr  
  or
 
    at h (C:\Users\asus\On
eDrive\Desktop\Prayukti (v
LAB)\frontend\.next\server
\pages\_error.js:1:6054)
Error occurred 
prerendering page "/404". 
Read more: https://nextjs.
org/docs/messages/prerende
r-error
TypeError: Cannot read 
properties of null 
(reading 'useContext')
    at exports.useContext 
(C:\Users\asus\OneDrive\De
sktop\Prayukti (vLAB)\fron
tend\node_modules\react\cj
s\react.production.js:488:
33)
    at h (C:\Users\asus\On
eDrive\Desktop\Prayukti (v
LAB)\frontend\.next\server
\pages\_error.js:1:6054)
    at renderWithHooks (C:
\Users\asus\OneDrive\Deskt
op\Prayukti (vLAB)\node_mo
dules\react-dom\cjs\react-
dom-server.edge.production
.js:4747:18)
    at renderElement (C:\U
sers\asus\OneDrive\Desktop
\Prayukti (vLAB)\node_modu
les\react-dom\cjs\react-do
m-server.edge.production.j
s:4885:14)
    at retryNode (C:\Users
\asus\OneDrive\Desktop\Pra
yukti (vLAB)\node_modules\
react-dom\cjs\react-dom-se
rver.edge.production.js:56
03:16)
    at 
renderNodeDestructive (C:\
Users\asus\OneDrive\Deskto
p\Prayukti (vLAB)\node_mod
ules\react-dom\cjs\react-d
om-server.edge.production.
js:5397:7)
    at renderNode (C:\User
s\asus\OneDrive\Desktop\Pr
ayukti (vLAB)\node_modules
\react-dom\cjs\react-dom-s
erver.edge.production.js:5
964:14)
    at 
renderChildrenArray (C:\Us
ers\asus\OneDrive\Desktop\
Prayukti (vLAB)\node_modul
es\react-dom\cjs\react-dom
-server.edge.production.js
:5746:7)
    at retryNode (C:\Users
\asus\OneDrive\Desktop\Pra
yukti (vLAB)\node_modules\
react-dom\cjs\react-dom-se
rver.edge.production.js:56
17:9)
    at 
renderNodeDestructive (C:\
Users\asus\OneDrive\Deskto
p\Prayukti (vLAB)\node_mod
ules\react-dom\cjs\react-d
om-server.edge.production.
js:5397:7)
Export encountered an 
error on /_error: /404, 
exiting the build.
 Γ¿» Static worker exited 
with code: 1 and signal: 
null
npm error Lifecycle 
script `build` failed 
with error:
npm error code 1
npm error path C:\Users\as
us\OneDrive\Desktop\Prayuk
ti (vLAB)\frontend
npm error workspace 
frontend@0.1.0
npm error location C:\User
s\asus\OneDrive\Desktop\Pr
ayukti (vLAB)\frontend
npm error command failed
npm error command C:\WINDO
WS\system32\cmd.exe /d /s 
/c next build
